{"device_id": "cam-001", "event_type": "device_enter", "timestamp": 1751932800000}
{"device_id": "cam-001", "event_type": "device_exit", "timestamp": 1751932847000}
{"device_id": "cam-001", "event_type": "device_enter", "timestamp": 1751933198000}
{"device_id": "cam-001", "event_type": "device_exit", "timestamp": 1751933512000}
{"device_id": "cam-001", "event_type": "device_enter", "timestamp": 1751933599000}
{"device_id": "cam-002", "event_type": "device_enter", "timestamp": 1751932807000}
{"device_id": "cam-002", "event_type": "device_exit", "timestamp": 1751932913000}
{"device_id": "cam-002", "event_type": "device_enter", "timestamp": 1751933256000}
{"device_id": "cam-002", "event_type": "device_exit", "timestamp": 1751933534000}
{"device_id": "cam-002", "event_type": "device_enter", "timestamp": 1751933600000} 
{"device_id": "cam-003", "event_type": "device_enter", "timestamp": 1751932823000}
{"device_id": "cam-003", "event_type": "device_exit", "timestamp": 1751933289000}
{"device_id": "cam-003", "event_type": "device_enter", "timestamp": 1751933445000}
{"device_id": "cam-004", "event_type": "device_enter", "timestamp": 1751932883000}
{"device_id": "cam-004", "event_type": "device_exit", "timestamp": 1751933293000}
{"device_id": "cam-004", "event_type": "device_enter", "timestamp": 1751933567000}
{"device_id": "cam-005", "event_type": "device_enter", "timestamp": 1751932892000}
{"device_id": "cam-005", "event_type": "device_exit", "timestamp": 1751933067000}
{"device_id": "cam-005", "event_type": "device_enter", "timestamp": 1751933389000}
{"device_id": "cam-006", "event_type": "device_enter", "timestamp": 1751932957000}
{"device_id": "cam-006", "event_type": "device_exit", "timestamp": 1751933312000}
{"device_id": "cam-006", "event_type": "device_enter", "timestamp": 1751933578000}
{"device_id": "cam-007", "event_type": "device_enter", "timestamp": 1751932989000}
{"device_id": "cam-007", "event_type": "device_exit", "timestamp": 1751933167000}
{"device_id": "cam-007", "event_type": "device_enter", "timestamp": 1751933402000}
{"device_id": "cam-007", "event_type": "device_exit", "timestamp": 1751933489000}
{"device_id": "cam-008", "event_type": "device_enter", "timestamp": 1751933045000}
{"device_id": "cam-008", "event_type": "device_exit", "timestamp": 1751933334000}
{"device_id": "cam-008", "event_type": "device_enter", "timestamp": 1751933589000}
{"device_id": "cam-009", "event_type": "device_enter", "timestamp": 1751933098000}
{"device_id": "cam-009", "event_type": "device_exit", "timestamp": 1751933234000}
{"device_id": "cam-009", "event_type": "device_enter", "timestamp": 1751933412000}
{"device_id": "cam-009", "event_type": "device_exit", "timestamp": 1751933598000}
{"device_id": "cam-010", "event_type": "device_enter", "timestamp": 1751933145000}
{"device_id": "cam-010", "event_type": "device_exit", "timestamp": 1751933345000}
{"device_id": "cam-010", "event_type": "device_enter", "timestamp": 1751933592000}